// Jest Snapshot v1, https://goo.gl/fbAQLP

exports[`AppButton Match snapshot 1`] = `
<View
  style={
    {
      "alignItems": "center",
      "justifyContent": "center",
    }
  }
>
  <View
    accessibilityState={
      {
        "busy": undefined,
        "checked": undefined,
        "disabled": undefined,
        "expanded": undefined,
        "selected": undefined,
      }
    }
    accessibilityValue={
      {
        "max": undefined,
        "min": undefined,
        "now": undefined,
        "text": undefined,
      }
    }
    accessible={true}
    collapsable={false}
    focusable={true}
    onClick={[Function]}
    onResponderGrant={[Function]}
    onResponderMove={[Function]}
    onResponderRelease={[Function]}
    onResponderTerminate={[Function]}
    onResponderTerminationRequest={[Function]}
    onStartShouldSetResponder={[Function]}
    style={
      {
        "alignItems": "center",
        "backgroundColor": "black",
        "borderRadius": 15,
        "height": 48,
        "justifyContent": "center",
        "opacity": 1,
        "width": "100%",
      }
    }
  >
    <Text
      style={
        {
          "color": "white",
        }
      }
    >
      title
    </Text>
  </View>
</View>
`;
